// Jest Snapshot v1, https://goo.gl/fbAQLP

exports[`Movie component renders correctly 1`] = `
<div
  className="columns"
>
  <div
    className="column"
  >
    <div
      className="card card-movie"
    >
      <div
        className="card-image"
      >
        <figure
          className="image is-4by3"
        >
          <img
            alt="Image of movie"
            src="https://m.media-amazon.com/images/M/MV5BMTk3OTM5Njg5M15BMl5BanBnXkFtZTYwMzA0ODI3._V1_SX300.jpg"
          />
        </figure>
      </div>
      <div
        className="card-content"
      >
        <div
          className="media-content"
        >
          <p
            className="title is-6"
          >
            Title: 
            The Notebook
          </p>
        </div>
        <div
          class="content"
        >
          <br />
          <p
            className="subtitle is-7"
          >
            Type: 
            movie
          </p>
          <p
            className="subtitle is-7"
          >
            Year: 
            2004
          </p>
          <p
            className="subtitle is-7"
          >
            Imdb Id: 
            tt0332280
          </p>
          <p
            className="subtitle is-7"
          >
            Rated: 
            PG-13
          </p>
          <p
            className="subtitle is-7"
          >
            Released: 
            25 Jun 2004
          </p>
          <p
            className="subtitle is-7"
          >
            Runtime: 
            123 min
          </p>
          <p
            className="subtitle is-7"
          >
            Genre: 
            Drama, Romance
          </p>
          <p
            className="subtitle is-7"
          >
            Director: 
            Nick Cassavetes
          </p>
          <p
            className="subtitle is-7"
          >
            Writer: 
            Jeremy Leven (screenplay), Jan Sardi (adaptation), Nicholas Sparks (novel)
          </p>
          <p
            className="subtitle is-7"
          >
            Actors: 
            Tim Ivey, Gena Rowlands, Starletta DuPois, James Garner
          </p>
          <p
            className="subtitle is-7"
          >
            Plot: 
            A poor yet passionate young man falls in love with a rich young woman, giving her a sense of freedom, but they are soon separated because of their social differences.
          </p>
          <p
            className="subtitle is-7"
          >
            Language: 
            English
          </p>
          <p
            className="subtitle is-7"
          >
            Country: 
            USA
          </p>
          <p
            className="subtitle is-7"
          >
            Awards: 
            12 wins & 10 nominations.
          </p>
          <p
            className="subtitle is-7"
          >
            Metascore: 
            53
          </p>
          <p
            className="subtitle is-7"
          >
            imdb Votes: 
            468,763
          </p>
          <p
            className="subtitle is-7"
          >
            BoxOffice: 
            $81,000,000
          </p>
          <p
            className="subtitle is-7"
          >
            Production: 
            New Line Cinema
          </p>
          <p
            className="subtitle is-7"
          >
            Website: 
            http://www.thenotebookmovie.com/
          </p>
        </div>
      </div>
    </div>
  </div>
</div>
`;
